// Jest Snapshot v1, https://goo.gl/fbAQLP

exports[`React config That the React 'valid' file passes 1`] = `
[
  {
    "column": 7,
    "endColumn": 21,
    "endLine": 33,
    "line": 33,
    "message": "Prop spreading is forbidden",
    "messageId": "noSpreading",
    "nodeType": "JSXSpreadAttribute",
    "ruleId": "react/jsx-props-no-spreading",
    "severity": 1,
  },
]
`;

exports[`React config That the react 'invalid' file throws lint errors 1`] = `
[
  {
    "column": 46,
    "endColumn": 53,
    "endLine": 1,
    "fix": {
      "range": [
        45,
        52,
      ],
      "text": "'react'",
    },
    "line": 1,
    "message": "Strings must use singlequote.",
    "messageId": "wrongQuotes",
    "nodeType": "Literal",
    "ruleId": "quotes",
    "severity": 2,
  },
  {
    "column": 53,
    "endColumn": 54,
    "endLine": 1,
    "fix": {
      "range": [
        45,
        61,
      ],
      "text": ""react"

export",
    },
    "line": 1,
    "message": "Extra semicolon.",
    "messageId": "extraSemi",
    "nodeType": "ImportDeclaration",
    "ruleId": "@typescript-eslint/semi",
    "severity": 2,
  },
  {
    "column": 10,
    "endColumn": 18,
    "endLine": 6,
    "fix": {
      "range": [
        117,
        125,
      ],
      "text": "'button'",
    },
    "line": 6,
    "message": "Strings must use singlequote.",
    "messageId": "wrongQuotes",
    "nodeType": "Literal",
    "ruleId": "quotes",
    "severity": 2,
  },
  {
    "column": 3,
    "endColumn": 18,
    "endLine": 7,
    "fix": {
      "range": [
        90,
        189,
      ],
      "text": "children,
  href,
  loading = false,
  onClick,
  type = "button",
  variant = "primary",
  ...rest",
    },
    "line": 7,
    "message": "Expected object keys to be in sorted order. Expected loading to be before type.",
    "messageId": "sort",
    "nodeType": "Property",
    "ruleId": "sort-destructure-keys/sort-destructure-keys",
    "severity": 2,
  },
  {
    "column": 13,
    "endColumn": 22,
    "endLine": 9,
    "fix": {
      "range": [
        169,
        178,
      ],
      "text": "'primary'",
    },
    "line": 9,
    "message": "Strings must use singlequote.",
    "messageId": "wrongQuotes",
    "nodeType": "Literal",
    "ruleId": "quotes",
    "severity": 2,
  },
  {
    "column": 23,
    "endColumn": 24,
    "endLine": 12,
    "fix": {
      "range": [
        216,
        223,
      ],
      "text": "}
  if",
    },
    "line": 12,
    "message": "Extra semicolon.",
    "messageId": "extraSemi",
    "nodeType": "VariableDeclaration",
    "ruleId": "@typescript-eslint/semi",
    "severity": 2,
  },
  {
    "column": 5,
    "endColumn": 14,
    "endLine": 14,
    "line": 14,
    "message": "'linkProps' is constant.",
    "messageId": "const",
    "nodeType": "Identifier",
    "ruleId": "no-const-assign",
    "severity": 2,
  },
  {
    "column": 18,
    "endColumn": 21,
    "endLine": 15,
    "fix": {
      "range": [
        268,
        271,
      ],
      "text": "'a'",
    },
    "line": 15,
    "message": "Strings must use singlequote.",
    "messageId": "wrongQuotes",
    "nodeType": "Literal",
    "ruleId": "quotes",
    "severity": 2,
  },
  {
    "column": 6,
    "endColumn": 7,
    "endLine": 17,
    "fix": {
      "range": [
        289,
        295,
      ],
      "text": "}
  }",
    },
    "line": 17,
    "message": "Extra semicolon.",
    "messageId": "extraSemi",
    "nodeType": "ExpressionStatement",
    "ruleId": "@typescript-eslint/semi",
    "severity": 2,
  },
  {
    "column": 3,
    "endColumn": 14,
    "endLine": 20,
    "line": 20,
    "message": "Unexpected console statement.",
    "messageId": "unexpected",
    "nodeType": "MemberExpression",
    "ruleId": "no-console",
    "severity": 1,
    "suggestions": [
      {
        "data": {
          "propertyName": "log",
        },
        "desc": "Remove the console.log().",
        "fix": {
          "range": [
            299,
            317,
          ],
          "text": "",
        },
        "messageId": "removeConsole",
      },
    ],
  },
  {
    "column": 20,
    "endColumn": 21,
    "endLine": 20,
    "fix": {
      "range": [
        315,
        326,
      ],
      "text": ")

  const",
    },
    "line": 20,
    "message": "Extra semicolon.",
    "messageId": "extraSemi",
    "nodeType": "ExpressionStatement",
    "ruleId": "@typescript-eslint/semi",
    "severity": 2,
  },
  {
    "column": 16,
    "endColumn": 24,
    "endLine": 23,
    "fix": {
      "range": [
        357,
        365,
      ],
      "text": "'yellow'",
    },
    "line": 23,
    "message": "Strings must use singlequote.",
    "messageId": "wrongQuotes",
    "nodeType": "Literal",
    "ruleId": "quotes",
    "severity": 2,
  },
  {
    "column": 5,
    "endColumn": 12,
    "endLine": 24,
    "fix": {
      "range": [
        346,
        385,
      ],
      "text": "primary: "red",
    secondary: "yellow"",
    },
    "line": 24,
    "message": "Expected object keys to be in natural ascending order. 'primary' should be before 'secondary'.",
    "nodeType": "Property",
    "ruleId": "sort-keys-fix/sort-keys-fix",
    "severity": 2,
  },
  {
    "column": 14,
    "endColumn": 19,
    "endLine": 24,
    "fix": {
      "range": [
        380,
        385,
      ],
      "text": "'red'",
    },
    "line": 24,
    "message": "Strings must use singlequote.",
    "messageId": "wrongQuotes",
    "nodeType": "Literal",
    "ruleId": "quotes",
    "severity": 2,
  },
  {
    "column": 4,
    "endColumn": 5,
    "endLine": 25,
    "fix": {
      "range": [
        389,
        400,
      ],
      "text": "}

  const",
    },
    "line": 25,
    "message": "Extra semicolon.",
    "messageId": "extraSemi",
    "nodeType": "VariableDeclaration",
    "ruleId": "@typescript-eslint/semi",
    "severity": 2,
  },
  {
    "column": 4,
    "endColumn": 5,
    "endLine": 30,
    "fix": {
      "range": [
        496,
        505,
      ],
      "text": "}

  let",
    },
    "line": 30,
    "message": "Extra semicolon.",
    "messageId": "extraSemi",
    "nodeType": "VariableDeclaration",
    "ruleId": "@typescript-eslint/semi",
    "severity": 2,
  },
  {
    "column": 7,
    "endColumn": 8,
    "endLine": 32,
    "line": 32,
    "message": "'a' is assigned a value but never used.",
    "messageId": "unusedVar",
    "nodeType": "Identifier",
    "ruleId": "@typescript-eslint/no-unused-vars",
    "severity": 2,
  },
  {
    "column": 7,
    "endColumn": 8,
    "endLine": 32,
    "fix": {
      "range": [
        502,
        527,
      ],
      "text": "const a = !linkProps === 2;",
    },
    "line": 32,
    "message": "'a' is never reassigned. Use 'const' instead.",
    "messageId": "useConst",
    "nodeType": "Identifier",
    "ruleId": "prefer-const",
    "severity": 2,
  },
  {
    "column": 27,
    "endColumn": 28,
    "endLine": 32,
    "fix": {
      "range": [
        525,
        536,
      ],
      "text": "2

  const",
    },
    "line": 32,
    "message": "Extra semicolon.",
    "messageId": "extraSemi",
    "nodeType": "VariableDeclaration",
    "ruleId": "@typescript-eslint/semi",
    "severity": 2,
  },
  {
    "column": 9,
    "endColumn": 16,
    "endLine": 34,
    "line": 34,
    "message": "'loading' is already defined.",
    "messageId": "redeclared",
    "nodeType": "Identifier",
    "ruleId": "no-redeclare",
    "severity": 2,
  },
  {
    "column": 35,
    "endColumn": 36,
    "endLine": 34,
    "fix": {
      "range": [
        558,
        573,
      ],
      "text": "false

  const",
    },
    "line": 34,
    "message": "Extra semicolon.",
    "messageId": "extraSemi",
    "nodeType": "VariableDeclaration",
    "ruleId": "@typescript-eslint/semi",
    "severity": 2,
  },
  {
    "column": 42,
    "endColumn": 4,
    "endLine": 38,
    "fix": {
      "range": [
        607,
        633,
      ],
      "text": "!loading",
    },
    "line": 36,
    "message": "Unexpected block statement surrounding arrow body; move the returned value immediately after the \`=>\`.",
    "messageId": "unexpectedSingleBlock",
    "nodeType": "ArrowFunctionExpression",
    "ruleId": "arrow-body-style",
    "severity": 2,
  },
  {
    "column": 20,
    "endColumn": 21,
    "endLine": 37,
    "fix": {
      "range": [
        621,
        633,
      ],
      "text": "loading
  }",
    },
    "line": 37,
    "message": "Extra semicolon.",
    "messageId": "extraSemi",
    "nodeType": "ReturnStatement",
    "ruleId": "@typescript-eslint/semi",
    "severity": 2,
  },
  {
    "column": 6,
    "endColumn": 8,
    "endLine": 38,
    "line": 38,
    "message": "React Hook useCallback has a missing dependency: 'loading'. Either include it or remove the dependency array.",
    "nodeType": "ArrayExpression",
    "ruleId": "react-hooks/exhaustive-deps",
    "severity": 2,
    "suggestions": [
      {
        "desc": "Update the dependencies array to be: [loading]",
        "fix": {
          "range": [
            635,
            637,
          ],
          "text": "[loading]",
        },
      },
    ],
  },
  {
    "column": 9,
    "endColumn": 10,
    "endLine": 38,
    "fix": {
      "range": [
        637,
        645,
      ],
      "text": ")

  if",
    },
    "line": 38,
    "message": "Extra semicolon.",
    "messageId": "extraSemi",
    "nodeType": "VariableDeclaration",
    "ruleId": "@typescript-eslint/semi",
    "severity": 2,
  },
  {
    "column": 16,
    "endColumn": 17,
    "endLine": 41,
    "fix": {
      "range": [
        677,
        686,
      ],
      "text": "null
  }",
    },
    "line": 41,
    "message": "Extra semicolon.",
    "messageId": "extraSemi",
    "nodeType": "ReturnStatement",
    "ruleId": "@typescript-eslint/semi",
    "severity": 2,
  },
  {
    "column": 15,
    "endColumn": 21,
    "endLine": 44,
    "line": 44,
    "message": "'setFoo' is assigned a value but never used.",
    "messageId": "unusedVar",
    "nodeType": "Identifier",
    "ruleId": "@typescript-eslint/no-unused-vars",
    "severity": 2,
  },
  {
    "column": 25,
    "endColumn": 33,
    "endLine": 44,
    "line": 44,
    "message": "React Hook "useState" is called conditionally. React Hooks must be called in the exact same order in every component render. Did you accidentally call a React Hook after an early return?",
    "nodeType": "Identifier",
    "ruleId": "react-hooks/rules-of-hooks",
    "severity": 2,
  },
  {
    "column": 36,
    "endColumn": 37,
    "endLine": 44,
    "fix": {
      "range": [
        722,
        734,
      ],
      "text": ")

  return",
    },
    "line": 44,
    "message": "Extra semicolon.",
    "messageId": "extraSemi",
    "nodeType": "VariableDeclaration",
    "ruleId": "@typescript-eslint/semi",
    "severity": 2,
  },
  {
    "column": 13,
    "endColumn": 17,
    "endLine": 48,
    "line": 48,
    "message": "The button type attribute must be specified by a static string or a trivial ternary expression",
    "messageId": "complexType",
    "nodeType": "Identifier",
    "ruleId": "react/button-has-type",
    "severity": 2,
  },
  {
    "column": 7,
    "endColumn": 21,
    "endLine": 50,
    "line": 50,
    "message": "Prop spreading is forbidden",
    "messageId": "noSpreading",
    "nodeType": "JSXSpreadAttribute",
    "ruleId": "react/jsx-props-no-spreading",
    "severity": 1,
  },
  {
    "column": 7,
    "endColumn": 16,
    "endLine": 53,
    "line": 53,
    "message": "Unknown property 'foo' found",
    "messageId": "unknownProp",
    "nodeType": "JSXAttribute",
    "ruleId": "react/no-unknown-property",
    "severity": 2,
  },
  {
    "column": 7,
    "endColumn": 22,
    "endLine": 55,
    "fix": {
      "range": [
        885,
        900,
      ],
      "text": "{children}",
    },
    "line": 55,
    "message": "Fragments should contain more than one child - otherwise, there’s no need for a Fragment at all.",
    "messageId": "NeedsMoreChildren",
    "nodeType": "JSXFragment",
    "ruleId": "react/jsx-no-useless-fragment",
    "severity": 2,
  },
  {
    "column": 7,
    "endColumn": 22,
    "endLine": 55,
    "fix": {
      "range": [
        885,
        900,
      ],
      "text": "{children}",
    },
    "line": 55,
    "message": "Passing a fragment to an HTML element is useless.",
    "messageId": "ChildOfHtmlElement",
    "nodeType": "JSXFragment",
    "ruleId": "react/jsx-no-useless-fragment",
    "severity": 2,
  },
  {
    "column": 4,
    "endColumn": 5,
    "endLine": 57,
    "fix": {
      "range": [
        917,
        921,
      ],
      "text": ")
}",
    },
    "line": 57,
    "message": "Extra semicolon.",
    "messageId": "extraSemi",
    "nodeType": "ReturnStatement",
    "ruleId": "@typescript-eslint/semi",
    "severity": 2,
  },
]
`;
